// Jest Snapshot v1, https://goo.gl/fbAQLP

exports[`App should render App correctly 1`] = `
ShallowWrapper {
  Symbol(enzyme.__root__): [Circular],
  Symbol(enzyme.__unrendered__): <App />,
  Symbol(enzyme.__renderer__): Object {
    "batchedUpdates": [Function],
    "checkPropTypes": [Function],
    "getNode": [Function],
    "render": [Function],
    "simulateError": [Function],
    "simulateEvent": [Function],
    "unmount": [Function],
  },
  Symbol(enzyme.__node__): Object {
    "instance": null,
    "key": undefined,
    "nodeType": "class",
    "props": Object {
      "children": <ApplicationTemplate>
        <Switch>
          <Route
            component={[Function]}
            exact={true}
            path="/"
          />
          <Route
            component={[Function]}
            exact={true}
            path="/pricelist"
          />
          <Route
            component={[Function]}
            exact={true}
            path="/pricemovement"
          />
          <Route
            component={[Function]}
            exact={true}
            path="/market_price_analysis"
          />
          <Route
            component={[Function]}
            exact={true}
            path="/daily_market_summary"
          />
          <Route
            component={[Function]}
            exact={true}
            path="/asi_movement"
          />
          <Route
            component={[Function]}
            exact={true}
            path="/asi_vs_stocks"
          />
          <Route
            component={[Function]}
            exact={true}
            path="/screened_stocks"
          />
          <Route
            component={[Function]}
            exact={true}
            path="/content-page/:pageType/:id"
          />
          <Route
            component={[Function]}
            exact={true}
            path="/quote-page/:stock_code"
          />
        </Switch>
      </ApplicationTemplate>,
    },
    "ref": null,
    "rendered": Object {
      "instance": null,
      "key": undefined,
      "nodeType": "function",
      "props": Object {
        "children": <Switch>
          <Route
            component={[Function]}
            exact={true}
            path="/"
          />
          <Route
            component={[Function]}
            exact={true}
            path="/pricelist"
          />
          <Route
            component={[Function]}
            exact={true}
            path="/pricemovement"
          />
          <Route
            component={[Function]}
            exact={true}
            path="/market_price_analysis"
          />
          <Route
            component={[Function]}
            exact={true}
            path="/daily_market_summary"
          />
          <Route
            component={[Function]}
            exact={true}
            path="/asi_movement"
          />
          <Route
            component={[Function]}
            exact={true}
            path="/asi_vs_stocks"
          />
          <Route
            component={[Function]}
            exact={true}
            path="/screened_stocks"
          />
          <Route
            component={[Function]}
            exact={true}
            path="/content-page/:pageType/:id"
          />
          <Route
            component={[Function]}
            exact={true}
            path="/quote-page/:stock_code"
          />
        </Switch>,
      },
      "ref": null,
      "rendered": Object {
        "instance": null,
        "key": undefined,
        "nodeType": "class",
        "props": Object {
          "children": Array [
            <Route
              component={[Function]}
              exact={true}
              path="/"
            />,
            <Route
              component={[Function]}
              exact={true}
              path="/pricelist"
            />,
            <Route
              component={[Function]}
              exact={true}
              path="/pricemovement"
            />,
            <Route
              component={[Function]}
              exact={true}
              path="/market_price_analysis"
            />,
            <Route
              component={[Function]}
              exact={true}
              path="/daily_market_summary"
            />,
            <Route
              component={[Function]}
              exact={true}
              path="/asi_movement"
            />,
            <Route
              component={[Function]}
              exact={true}
              path="/asi_vs_stocks"
            />,
            <Route
              component={[Function]}
              exact={true}
              path="/screened_stocks"
            />,
            <Route
              component={[Function]}
              exact={true}
              path="/content-page/:pageType/:id"
            />,
            <Route
              component={[Function]}
              exact={true}
              path="/quote-page/:stock_code"
            />,
          ],
        },
        "ref": null,
        "rendered": Array [
          Object {
            "instance": null,
            "key": "/",
            "nodeType": "class",
            "props": Object {
              "component": [Function],
              "exact": true,
              "path": "/",
            },
            "ref": null,
            "rendered": null,
            "type": [Function],
          },
          Object {
            "instance": null,
            "key": "/pricelist",
            "nodeType": "class",
            "props": Object {
              "component": [Function],
              "exact": true,
              "path": "/pricelist",
            },
            "ref": null,
            "rendered": null,
            "type": [Function],
          },
          Object {
            "instance": null,
            "key": "/pricemovement",
            "nodeType": "class",
            "props": Object {
              "component": [Function],
              "exact": true,
              "path": "/pricemovement",
            },
            "ref": null,
            "rendered": null,
            "type": [Function],
          },
          Object {
            "instance": null,
            "key": "/market_price_analysis",
            "nodeType": "class",
            "props": Object {
              "component": [Function],
              "exact": true,
              "path": "/market_price_analysis",
            },
            "ref": null,
            "rendered": null,
            "type": [Function],
          },
          Object {
            "instance": null,
            "key": "/daily_market_summary",
            "nodeType": "class",
            "props": Object {
              "component": [Function],
              "exact": true,
              "path": "/daily_market_summary",
            },
            "ref": null,
            "rendered": null,
            "type": [Function],
          },
          Object {
            "instance": null,
            "key": "/asi_movement",
            "nodeType": "class",
            "props": Object {
              "component": [Function],
              "exact": true,
              "path": "/asi_movement",
            },
            "ref": null,
            "rendered": null,
            "type": [Function],
          },
          Object {
            "instance": null,
            "key": "/asi_vs_stocks",
            "nodeType": "class",
            "props": Object {
              "component": [Function],
              "exact": true,
              "path": "/asi_vs_stocks",
            },
            "ref": null,
            "rendered": null,
            "type": [Function],
          },
          Object {
            "instance": null,
            "key": "/screened_stocks",
            "nodeType": "class",
            "props": Object {
              "component": [Function],
              "exact": true,
              "path": "/screened_stocks",
            },
            "ref": null,
            "rendered": null,
            "type": [Function],
          },
          Object {
            "instance": null,
            "key": "/content-page/:pageType/:id",
            "nodeType": "class",
            "props": Object {
              "component": [Function],
              "exact": true,
              "path": "/content-page/:pageType/:id",
            },
            "ref": null,
            "rendered": null,
            "type": [Function],
          },
          Object {
            "instance": null,
            "key": "/quote-page/:stock_code",
            "nodeType": "class",
            "props": Object {
              "component": [Function],
              "exact": true,
              "path": "/quote-page/:stock_code",
            },
            "ref": null,
            "rendered": null,
            "type": [Function],
          },
        ],
        "type": [Function],
      },
      "type": [Function],
    },
    "type": [Function],
  },
  Symbol(enzyme.__nodes__): Array [
    Object {
      "instance": null,
      "key": undefined,
      "nodeType": "class",
      "props": Object {
        "children": <ApplicationTemplate>
          <Switch>
            <Route
              component={[Function]}
              exact={true}
              path="/"
            />
            <Route
              component={[Function]}
              exact={true}
              path="/pricelist"
            />
            <Route
              component={[Function]}
              exact={true}
              path="/pricemovement"
            />
            <Route
              component={[Function]}
              exact={true}
              path="/market_price_analysis"
            />
            <Route
              component={[Function]}
              exact={true}
              path="/daily_market_summary"
            />
            <Route
              component={[Function]}
              exact={true}
              path="/asi_movement"
            />
            <Route
              component={[Function]}
              exact={true}
              path="/asi_vs_stocks"
            />
            <Route
              component={[Function]}
              exact={true}
              path="/screened_stocks"
            />
            <Route
              component={[Function]}
              exact={true}
              path="/content-page/:pageType/:id"
            />
            <Route
              component={[Function]}
              exact={true}
              path="/quote-page/:stock_code"
            />
          </Switch>
        </ApplicationTemplate>,
      },
      "ref": null,
      "rendered": Object {
        "instance": null,
        "key": undefined,
        "nodeType": "function",
        "props": Object {
          "children": <Switch>
            <Route
              component={[Function]}
              exact={true}
              path="/"
            />
            <Route
              component={[Function]}
              exact={true}
              path="/pricelist"
            />
            <Route
              component={[Function]}
              exact={true}
              path="/pricemovement"
            />
            <Route
              component={[Function]}
              exact={true}
              path="/market_price_analysis"
            />
            <Route
              component={[Function]}
              exact={true}
              path="/daily_market_summary"
            />
            <Route
              component={[Function]}
              exact={true}
              path="/asi_movement"
            />
            <Route
              component={[Function]}
              exact={true}
              path="/asi_vs_stocks"
            />
            <Route
              component={[Function]}
              exact={true}
              path="/screened_stocks"
            />
            <Route
              component={[Function]}
              exact={true}
              path="/content-page/:pageType/:id"
            />
            <Route
              component={[Function]}
              exact={true}
              path="/quote-page/:stock_code"
            />
          </Switch>,
        },
        "ref": null,
        "rendered": Object {
          "instance": null,
          "key": undefined,
          "nodeType": "class",
          "props": Object {
            "children": Array [
              <Route
                component={[Function]}
                exact={true}
                path="/"
              />,
              <Route
                component={[Function]}
                exact={true}
                path="/pricelist"
              />,
              <Route
                component={[Function]}
                exact={true}
                path="/pricemovement"
              />,
              <Route
                component={[Function]}
                exact={true}
                path="/market_price_analysis"
              />,
              <Route
                component={[Function]}
                exact={true}
                path="/daily_market_summary"
              />,
              <Route
                component={[Function]}
                exact={true}
                path="/asi_movement"
              />,
              <Route
                component={[Function]}
                exact={true}
                path="/asi_vs_stocks"
              />,
              <Route
                component={[Function]}
                exact={true}
                path="/screened_stocks"
              />,
              <Route
                component={[Function]}
                exact={true}
                path="/content-page/:pageType/:id"
              />,
              <Route
                component={[Function]}
                exact={true}
                path="/quote-page/:stock_code"
              />,
            ],
          },
          "ref": null,
          "rendered": Array [
            Object {
              "instance": null,
              "key": "/",
              "nodeType": "class",
              "props": Object {
                "component": [Function],
                "exact": true,
                "path": "/",
              },
              "ref": null,
              "rendered": null,
              "type": [Function],
            },
            Object {
              "instance": null,
              "key": "/pricelist",
              "nodeType": "class",
              "props": Object {
                "component": [Function],
                "exact": true,
                "path": "/pricelist",
              },
              "ref": null,
              "rendered": null,
              "type": [Function],
            },
            Object {
              "instance": null,
              "key": "/pricemovement",
              "nodeType": "class",
              "props": Object {
                "component": [Function],
                "exact": true,
                "path": "/pricemovement",
              },
              "ref": null,
              "rendered": null,
              "type": [Function],
            },
            Object {
              "instance": null,
              "key": "/market_price_analysis",
              "nodeType": "class",
              "props": Object {
                "component": [Function],
                "exact": true,
                "path": "/market_price_analysis",
              },
              "ref": null,
              "rendered": null,
              "type": [Function],
            },
            Object {
              "instance": null,
              "key": "/daily_market_summary",
              "nodeType": "class",
              "props": Object {
                "component": [Function],
                "exact": true,
                "path": "/daily_market_summary",
              },
              "ref": null,
              "rendered": null,
              "type": [Function],
            },
            Object {
              "instance": null,
              "key": "/asi_movement",
              "nodeType": "class",
              "props": Object {
                "component": [Function],
                "exact": true,
                "path": "/asi_movement",
              },
              "ref": null,
              "rendered": null,
              "type": [Function],
            },
            Object {
              "instance": null,
              "key": "/asi_vs_stocks",
              "nodeType": "class",
              "props": Object {
                "component": [Function],
                "exact": true,
                "path": "/asi_vs_stocks",
              },
              "ref": null,
              "rendered": null,
              "type": [Function],
            },
            Object {
              "instance": null,
              "key": "/screened_stocks",
              "nodeType": "class",
              "props": Object {
                "component": [Function],
                "exact": true,
                "path": "/screened_stocks",
              },
              "ref": null,
              "rendered": null,
              "type": [Function],
            },
            Object {
              "instance": null,
              "key": "/content-page/:pageType/:id",
              "nodeType": "class",
              "props": Object {
                "component": [Function],
                "exact": true,
                "path": "/content-page/:pageType/:id",
              },
              "ref": null,
              "rendered": null,
              "type": [Function],
            },
            Object {
              "instance": null,
              "key": "/quote-page/:stock_code",
              "nodeType": "class",
              "props": Object {
                "component": [Function],
                "exact": true,
                "path": "/quote-page/:stock_code",
              },
              "ref": null,
              "rendered": null,
              "type": [Function],
            },
          ],
          "type": [Function],
        },
        "type": [Function],
      },
      "type": [Function],
    },
  ],
  Symbol(enzyme.__options__): Object {
    "adapter": ReactSixteenAdapter {
      "options": Object {
        "enableComponentDidUpdateOnSetState": true,
        "legacyContextMode": "parent",
        "lifecycles": Object {
          "componentDidUpdate": Object {
            "onSetState": true,
          },
          "getChildContext": Object {
            "calledByRenderer": false,
          },
          "getDerivedStateFromError": true,
          "getDerivedStateFromProps": Object {
            "hasShouldComponentUpdateBug": false,
          },
          "getSnapshotBeforeUpdate": true,
          "setState": Object {
            "skipsComponentDidUpdateOnNullish": true,
          },
        },
      },
    },
    Symbol(enzyme.__providerValues__): undefined,
  },
  Symbol(enzyme.__providerValues__): Map {},
}
`;
